[en.wikipedia.org/wiki/Heapsort.html]
[backblue.gif]
[fade.gif]
[index.html]
[en.wikipedia.org/w/load4961.css]
[en.wikipedia.org/w/loada24d.css]
[en.wikipedia.org/w/index7d98.html]
[en.wikipedia.org/static/apple-touch/wikipedia.png]
[en.wikipedia.org/static/favicon/wikipedia.ico]
[en.wikipedia.org/w/rest.php/v1/search]
[creativecommons.org/licenses/by-sa/4.0/deed.html]
[en.wikipedia.org/static/images/icons/wikipedia.png]
[en.wikipedia.org/static/images/mobile/copyright/wikipedia-wordmark-en.svg]
[en.wikipedia.org/static/images/mobile/copyright/wikipedia-tagline-en.svg]
[wikimedia.org/api/rest_v1/media/math/render/svg/9d2320768fb54880ca4356e61f60eb02a3f9d9f1.svg]
[wikimedia.org/api/rest_v1/media/math/render/svg/34109fe397fdcff370079185bfdb65826cb5565a.svg]
[wikimedia.org/api/rest_v1/media/math/render/svg/e66384bc40452c5452f33563fe0e27e803b0cc21.svg]
[login.wikimedia.org/wiki/Special_CentralAutoLogin/starte375.png]
[en.wikipedia.org/static/images/footer/wikimedia-button.svg]
[en.wikipedia.org/w/resources/assets/poweredby_mediawiki.svg]
[en.wikipedia.org/wiki/Heapsort.html]
[en.wikipedia.org/w/load4961.css]
[en.wikipedia.org/w/loada24d.css]
[upload.wikimedia.org/index.html]
[en.wikipedia.org/w/index7d98.html]
[creativecommons.org/licenses/by-sa/4.0/deed.html]
[meta.wikimedia.org/index.html]
[login.wikimedia.org/index.html]
[en.wikipedia.org/static/images/mobile/copyright/wikipedia-wordmark-en.svg]
[en.wikipedia.org/static/images/mobile/copyright/wikipedia-tagline-en.svg]
[wikimedia.org/api/rest_v1/media/math/render/svg/9d2320768fb54880ca4356e61f60eb02a3f9d9f1.svg]
[wikimedia.org/api/rest_v1/media/math/render/svg/34109fe397fdcff370079185bfdb65826cb5565a.svg]
[wikimedia.org/api/rest_v1/media/math/render/svg/e66384bc40452c5452f33563fe0e27e803b0cc21.svg]
[en.wikipedia.org/static/images/footer/wikimedia-button.svg]
[en.wikipedia.org/w/resources/assets/poweredby_mediawiki.svg]
